Component Rule Check Report for : D:\Libraries\Hard\AltiumLibs\Schematic Lis\MicroIC.SchLib


Name                Errors
------------------------------------------------------------------
MT48LC4M32B2B5-6 IT (Missing Pin Number In Sequence : A4,A5,A6 [A1..A9]) 
ICE5QR4770AZXKLA1   (Missing Pin Number In Sequence : 6 [1..8]) 
TMS320F28335ZJZA    (Missing Pin Number In Sequence : E5,E6,E7,E8,E9,E10 [E1..E14]) 
MT48LC8M16A2P-6A    (Missing Pin Number In Sequence : 40 [1..54]) 
IS42S16160B-7BLI    (Missing Pin Number In Sequence : A4,A5,A6 [A1..A9]) 
ICM-42688-P         (Missing Pin Number In Sequence : 2,3,10,11 [1..14]) 
IS61LV6416-10TL     (Missing Pin Number In Sequence : 22,23,28 [1..44]) 
STM32H743IIK6       (Missing Pin Number In Sequence : E5,E6,E7,E8,E9,E10,E11 [E1..E15]) 
STM32G431CBUx       (Duplicate Pin Number : Normal: 22, 34, 37, 47) 
                    (Missing Pin Number In Sequence : 23 [1..48]) 
STM32F746NGH6       (Missing Pin Number In Sequence : G7,G8,G9 [G1..G15]) 
STM32F429NIH6       (Missing Pin Number In Sequence : G7,G8,G9 [G1..G15]) 
STM32F103ZET6       (Missing Pin Number In Sequence : 106 [1..144]) 
STM32F030K6T6       (Duplicate Pin Number : Normal: 9) 
                    (Missing Pin Number In Sequence : 5 [1..32]) 
IR25750LTRPBF       (Missing Pin Number In Sequence : 2 [1..5]) 
DGD2113S16-13       (Missing Pin Number In Sequence : 4,5,9,10 [1..15]) 
AP3983RMTR-G1       (Missing Pin Number In Sequence : 7 [1..8]) 
TPS74801RGWR        (Missing Pin Number In Sequence : 2,3,4,13,14,17 [1..20]) 
ISO7340FCDWR        (Missing Pin Number In Sequence : 7 [1..16]) 
W9812G6KH-6         (Missing Pin Number In Sequence : 36,40 [1..54]) 
IS45S32160F         (Missing Pin Number In Sequence : A4,A5,A6 [A1..A9]) 
ACS780LLRTR         (Missing Pin Number In Sequence : 4 [1..6]) 
ACS711KEXLT         (Missing Pin Number In Sequence : 7,8,9,10 [1..12]) 
UCC27714DR          (Missing Pin Number In Sequence : 8,9,10 [1..13]) 
TPD4E02B04          (Duplicate Pin Number : Normal: 5, 4, 3, 2, 1) 
STM32H743Z          (Missing Pin Number In Sequence : 106 [1..144]) 
SPBW06F-03          (Missing Pin Number In Sequence : 4,5 [1..7]) 
R12P22005D          (Missing Pin Number In Sequence : 3,4 [1..7]) 
MIC4120YME          (Missing Pin Number In Sequence : 3 [1..8]) 
IS25WE02GG          (Missing Pin Number In Sequence : C3 [C2..C4]) 
IS21TF128G          (Missing Pin Number In Sequence : C3,C5 [C2..C6]) 
FOD2712AR2          (Missing Pin Number In Sequence : 4 [2..8]) 
Flash_NAND          (Missing Pin Number In Sequence : 10,11,14,15,20,21,22,23,24,25,26,27,28,33,34,35,38,39,40 [7..44]) 
DPBW06F-03          (Missing Pin Number In Sequence : 4,5 [1..8]) 
DPBW03F-12          (Missing Pin Number In Sequence : 4,5 [1..8]) 
AD9461BSVZ          (Missing Pin Number In Sequence : 2 [1..100]) 
VIPER28LN           (Missing Pin Number In Sequence : 6 [1..8]) 
TMA-0505S           (Missing Pin Number In Sequence : 3,5 [1..6]) 
TEA1791AT           (Missing Pin Number In Sequence : 3,5,6,7 [1..8]) 
REF196GSZ           (Missing Pin Number In Sequence : 5 [2..6]) 
R1SE-0505           (Missing Pin Number In Sequence : 3,4,5 [1..7]) 
MP9486AGN           (Missing Pin Number In Sequence : 2 [1..8]) 
HCPL-3120           (Missing Pin Number In Sequence : 4 [2..8]) 
HCPL-0211           (Missing Pin Number In Sequence : 4,6 [2..8]) 
GD55LB02G           (Missing Pin Number In Sequence : C3 [C2..C4]) 
EL7104CSZ           (Missing Pin Number In Sequence : 3 [1..8]) 
ABP2(I2C)           (Missing Pin Number In Sequence : 4 [1..6]) 
TNY286DG            (Missing Pin Number In Sequence : 3 [1..8]) 
TNY264PG            (Missing Pin Number In Sequence : 6 [1..8]) 
MPU-6000            (Missing Pin Number In Sequence : 2,3,4,5,14,15,16,17 [1..24]) 
LNK6763K            (Missing Pin Number In Sequence : 5 [1..12]) 
IRF2336D            (Missing Pin Number In Sequence : 18,21,25 [1..28]) 
DAC81408            (Missing Pin Number In Sequence : 1,2,3,4,27,28,29,30 [0..40]) 
DAC81402            (Missing Pin Number In Sequence : 21,22,23,24 [5..32]) 
ADUM1311            (Missing Pin Number In Sequence : 6,11 [1..16]) 
TXS0104             (Missing Pin Number In Sequence : 6,9 [1..14]) 
SCA103T             (Missing Pin Number In Sequence : 2,8 [1..12]) 
NCP1402             (Missing Pin Number In Sequence : 3 [1..5]) 
MOC3063             (Missing Pin Number In Sequence : 3,5 [1..6]) 
LTC4413             (Missing Pin Number In Sequence : 7,8 [0..10]) 
LM66100             (Missing Pin Number In Sequence : 4 [1..6]) 
ISO3088             (Missing Pin Number In Sequence : 11,14 [1..16]) 
FOD0710             (Missing Pin Number In Sequence : 3,7 [1..8]) 
DP83848             (Missing Pin Number In Sequence : 8,9,10 [1..40]) 
BQ24315             (Missing Pin Number In Sequence : 3 [0..8]) 
ADXL345             (Missing Pin Number In Sequence : 3,10,11 [1..14]) 
ADT7320             (Missing Pin Number In Sequence : 5,6,7,8 [1..12]) 
ADR4540             (Missing Pin Number In Sequence : 3,5 [2..6]) 
ADP7142             (Missing Pin Number In Sequence : 4,7 [1..8]) 
ADP7104             (Missing Pin Number In Sequence : 4 [1..8]) 
RSDW08              (Missing Pin Number In Sequence : 4,5,6,7,8,9,10,11,12,13,15,17,18,19,20,21 [1..23]) 
M93C46              (Missing Pin Number In Sequence : 7 [1..8]) 
LM317L              (Missing Pin Number In Sequence : 5 [1..7]) 
LM2676              (Missing Pin Number In Sequence : 5 [1..8]) 
CP2103              (Missing Pin Number In Sequence : 10,13,14,15,20,21 [1..29]) 
CP2102              (Missing Pin Number In Sequence : 10,13,14,15,16,17,18,19,20,21,22 [1..28]) 
W5500               (Missing Pin Number In Sequence : 7,12,13,46,47 [1..48]) 
